// Jest Snapshot v1, https://goo.gl/fbAQLP

exports[`Component renders properly Test SearchFilter Component works 1`] = `"<div class=\\"search-form\\"><div class=\\"ant-col\\"><input class=\\"ant-input searchInput\\" type=\\"text\\" placeholder=\\"Search your movie here...\\" value=\\"\\"><p>Search your favourite movies by typing.</p></div><div class=\\"ant-col\\"><button type=\\"button\\" class=\\"ant-btn addMovieBtn ant-btn-primary\\"><span role=\\"img\\" aria-label=\\"plus\\" class=\\"anticon anticon-plus\\"><svg viewBox=\\"64 64 896 896\\" focusable=\\"false\\" class=\\"\\" data-icon=\\"plus\\" width=\\"1em\\" height=\\"1em\\" fill=\\"currentColor\\" aria-hidden=\\"true\\"><defs><style></style></defs><path d=\\"M482 152h60q8 0 8 8v704q0 8-8 8h-60q-8 0-8-8V160q0-8 8-8z\\"></path><path d=\\"M176 474h672q8 0 8 8v60q0 8-8 8H176q-8 0-8-8v-60q0-8 8-8z\\"></path></svg></span></button><p>Add Movie</p></div></div>"`;
