// Jest Snapshot v1, https://goo.gl/fbAQLP

exports[`Component renders properly Test MovieListItem Value 1`] = `"<div class=\\"ant-col ant-col-4 gutter-row\\"><a href=\\"/movie/burx2s81pa\\"><div style=\\"width: 240px;\\" class=\\"ant-card ant-card-bordered ant-card-hoverable\\"><div class=\\"ant-card-cover\\"><img src=\\"https://m.media-amazon.com/images/M/MV5BMTU3NjE5NzYtYTYyNS00MDVmLWIwYjgtMmYwYWIxZDYyNzU2XkEyXkFqcGdeQXVyNzQzNzQxNzI@._V1_SY1000_SX677_AL_.jpg\\" class=\\"card-img-top\\" alt=\\"Test Case Url Update\\"></div><div class=\\"ant-card-body\\"><div class=\\"ant-card-meta\\"><div class=\\"ant-card-meta-detail\\"><div class=\\"ant-card-meta-title\\">Test Case Url Update</div><div class=\\"ant-card-meta-description\\">Documentary</div></div></div></div></div></a></div>"`;
